$ python "documentation/development reports/2026-09_person-detection-e2e/scripts/audit_bucket_labels.py"
# dev ai-models bucket, 2026-09-05, AFTER step 1. Same reading as the "before" log
# (pre-#139: last dimension of any tensor). The committed script now uses the backend's
# _classifier_class_count and reports rank-3 heads as "not a classifier" instead.

labels object                                                  labels                         n classes  verdict
----------------------------------------------------------------------------------------------------------------------
b0000000-0000-0000-0000-000000000001/1V1.txt                   ['no person', 'person']        2       2  OK
b0000000-0000-0000-0000-000000000001/3V1.txt                   ['no person', 'person']        2       2  OK
000000-0000-0000-0000-000000000001/6/1.0.0-3dc2a1/6V1.0.0-.TXT ['not rat', 'rat']             2       2  OK
b0000000-0000-0000-0000-000000000001/7V1.txt                   ['no person', 'person']        2       2  OK
00-0000-0000-000000000001/Apple Detection-custom-1.0.0/5V1.TXT ['apple']                      1       6  MISMATCH
0-0000-0000-000000000001/Gender Detection-custom-1.0.0/4V1.TXT ['male', 'female']             2       7  MISMATCH
00-000000000001/Person Detection (96x96)-custom-1.0.0/20V1.TXT ['no person', 'person']        2       2  OK        <-- repaired by step 1
000001/YOLOv11 Object Detection (192x192)-custom-1.0.0/1V1.TXT ['unknown']                    1     756  MISMATCH  <-- orphan, blocked model
000000-0000-0000-0000-000000000002/2/1.0.0-8e1077/2V1.0.0-.TXT ['not rat', 'rat']             2       2  OK
00-000000000002/Person Detection (96x96)-custom-1.0.0/20V1.TXT ['unknown']                    1       2  MISMATCH  <-- orphan, org 2

# The general-org 20V1.TXT is fixed. The org-2 copy and the YOLOv11 file are orphans no
# ai_models row references; left in place, deleting storage objects is a separate call.
# Apple/Gender "MISMATCH" is the script reading a detection head's last dimension; those
# two are Edge Impulse YOLOv5 uploads and are not classifiers (see README §2).
